[debug] [2026-07-26T10:30:36.696Z] : 
[debug] [2026-07-26T10:30:36.705Z] : ----------------------------------------------------------------------
[debug] [2026-07-26T10:30:36.705Z] : Command:      C:\Program Files\nodejs\node.exe C:\Users\muthu\AppData\Roaming\npm\node_modules\zcatalyst-cli\lib\bin\catalyst.js serve
[debug] [2026-07-26T10:30:36.705Z] : CLI Version:  1.27.0
[debug] [2026-07-26T10:30:36.705Z] : Platform:     win32
[debug] [2026-07-26T10:30:36.705Z] : Node Version: v24.14.0
[debug] [2026-07-26T10:30:36.705Z] : Time:         Sun Jul 26 2026 16:00:36 GMT+0530 (India Standard Time)
[debug] [2026-07-26T10:30:36.705Z] : ----------------------------------------------------------------------
[debug] [2026-07-26T10:30:36.705Z] : 
[debug] [2026-07-26T10:30:39.632Z] : > authorizing via signed-in user option
[debug] [2026-07-26T10:30:39.633Z] : > command requires scopes: ["ZohoCatalyst.projects.ALL","ZohoCatalyst.apigateway.apis.READ","ZohoCatalyst.apigateway.READ","ZohoCatalyst.segments.ALL","ZohoCatalyst.cache.READ","ZohoCatalyst.cache.CREATE","ZohoCatalyst.cache.DELETE","ZohoCatalyst.projects.ALL","ZohoCatalyst.cron.ALL","ZohoCatalyst.zcql.CREATE","ZohoCatalyst.projects.users.READ","ZohoCatalyst.projects.users.CREATE","ZohoCatalyst.projects.users.DELETE","ZohoCatalyst.projects.users.UPDATE","ZohoCatalyst.authentication.CREATE","ZohoCatalyst.email.CREATE","ZohoCatalyst.tables.ALL","ZohoCatalyst.tables.rows.ALL","ZohoCatalyst.tables.columns.ALL","ZohoCatalyst.tables.bulk.CREATE","ZohoCatalyst.tables.bulk.READ","ZohoCatalyst.folders.ALL","ZohoCatalyst.files.CREATE","ZohoCatalyst.files.READ","ZohoCatalyst.files.DELETE","ZohoCatalyst.functions.ALL","ZohoCatalyst.functions.EXECUTE","ZohoCatalyst.eventlistners.ALL","ZohoCatalyst.eventlisteners.produce","ZohoCatalyst.security.rules.Read","ZohoCatalyst.security.rules.Update","ZohoCatalyst.notifications.mobile","ZohoCatalyst.notifications.web","ZohoCatalyst.search.READ","ZohoCatalyst.mlkit.READ","QuickML.deployment.READ","ZohoCatalyst.pdfshot.execute","ZohoCatalyst.grid.READ","ZohoCatalyst.grid.terminate","ZohoCatalyst.circuits.execution.DELETE","ZohoCatalyst.circuits.execution.READ","ZohoCatalyst.circuits.execute","ZohoCatalyst.appsail.Read","ZohoCatalyst.jobpool.READ","ZohoCatalyst.job.ALL","ZohoCatalyst.nosql.READ","ZohoCatalyst.nosql.rows.ALL"]
[debug] [2026-07-26T10:30:39.753Z] : >>>> HTTP REQUEST : GET https://api.catalyst.zoho.in/baas/v1/project/43603000000033409 

[debug] [2026-07-26T10:30:40.118Z] : <<<< HTTP RESPONSE : 200
Response Headers: {"server":"ZGS","date":"Sun, 26 Jul 2026 10:30:41 GMT","content-type":"application/vnd.catalyst.v2+json","transfer-encoding":"chunked","connection":"keep-alive","x-content-type-options":"nosniff","cache-control":"private,no-cache,no-store,max-age=0,must-revalidate","pragma":"no-cache","expires":"Thu, 01 Jan 1970 00:00:00 GMT","x-frame-options":"DENY","strict-transport-security":"max-age=64072000; includeSubDomains; preload"}

[debug] [2026-07-26T10:30:40.121Z] : >>>> HTTP REQUEST : GET https://api.catalyst.zoho.in/baas/v1/project/43603000000033409/environment 

[debug] [2026-07-26T10:30:40.193Z] : <<<< HTTP RESPONSE : 200
Response Headers: {"server":"ZGS","date":"Sun, 26 Jul 2026 10:30:41 GMT","content-type":"application/vnd.catalyst.v2+json","transfer-encoding":"chunked","connection":"keep-alive","x-content-type-options":"nosniff","cache-control":"private,no-cache,no-store,max-age=0,must-revalidate","pragma":"no-cache","expires":"Thu, 01 Jan 1970 00:00:00 GMT","x-frame-options":"DENY","strict-transport-security":"max-age=64072000; includeSubDomains; preload"}

[debug] [2026-07-26T10:30:40.386Z] : >>>> HTTP REQUEST : GET https://api.catalyst.zoho.in/baas/get-details 
Query params: {"feature_name":"runtime"}

[debug] [2026-07-26T10:30:40.486Z] : <<<< HTTP RESPONSE : 200
Response Headers: {"server":"ZGS","date":"Sun, 26 Jul 2026 10:30:41 GMT","content-type":"application/vnd.catalyst.v2+json","transfer-encoding":"chunked","connection":"keep-alive","x-content-type-options":"nosniff","cache-control":"private,no-cache,no-store,max-age=0,must-revalidate","pragma":"no-cache","expires":"Thu, 01 Jan 1970 00:00:00 GMT","x-frame-options":"DENY","strict-transport-security":"max-age=64072000; includeSubDomains; preload"}

[debug] [2026-07-26T10:30:40.489Z] : >>>> HTTP REQUEST : GET https://api.catalyst.zoho.in/baas/v1/project/43603000000033409/function 
Query params: {"type":"basicio,event,cron,applogic,integration,browser_logic,job"}

[debug] [2026-07-26T10:30:40.569Z] : <<<< HTTP RESPONSE : 200
Response Headers: {"server":"ZGS","date":"Sun, 26 Jul 2026 10:30:41 GMT","content-type":"application/vnd.catalyst.v2+json","transfer-encoding":"chunked","connection":"keep-alive","x-content-type-options":"nosniff","cache-control":"private,no-cache,no-store,max-age=0,must-revalidate","pragma":"no-cache","expires":"Thu, 01 Jan 1970 00:00:00 GMT","x-frame-options":"DENY","strict-transport-security":"max-age=64072000; includeSubDomains; preload"}

[debug] [2026-07-26T10:30:40.574Z] : unknown eol undefined hence skipping check
[debug] [2026-07-26T10:30:40.574Z] : unknown eol undefined hence skipping check
[debug] [2026-07-26T10:30:40.574Z] : unknown eol undefined hence skipping check
[debug] [2026-07-26T10:30:40.574Z] : unknown eol undefined hence skipping check
[debug] [2026-07-26T10:30:40.574Z] : unknown eol undefined hence skipping check
[debug] [2026-07-26T10:30:40.574Z] : unknown eol undefined hence skipping check
[debug] [2026-07-26T10:30:40.575Z] : unknown eol undefined hence skipping check
[debug] [2026-07-26T10:30:40.575Z] : unknown eol undefined hence skipping check
[debug] [2026-07-26T10:30:40.575Z] : unknown eol undefined hence skipping check
[debug] [2026-07-26T10:30:40.588Z] : Node binary for stack node24 is at C:\Program Files\nodejs\node.exe
[debug] [2026-07-26T10:30:42.526Z] : http port : '4000' is not available. Hence port '4001' will be used instead.
[debug] [2026-07-26T10:30:42.527Z] : http port : '4000' is not available. Hence port '4002' will be used instead.
[debug] [2026-07-26T10:30:42.527Z] : http port : '4000' is not available. Hence port '4003' will be used instead.
[debug] [2026-07-26T10:30:42.527Z] : http port : '4000' is not available. Hence port '4004' will be used instead.
[debug] [2026-07-26T10:30:42.527Z] : http port : '4000' is not available. Hence port '4005' will be used instead.
[debug] [2026-07-26T10:30:42.527Z] : http port : '4000' is not available. Hence port '4006' will be used instead.
[debug] [2026-07-26T10:30:42.527Z] : http port : '4000' is not available. Hence port '4007' will be used instead.
[debug] [2026-07-26T10:30:42.527Z] : http port : '4000' is not available. Hence port '4008' will be used instead.
[debug] [2026-07-26T10:30:42.993Z] : No API Gateway configuration found. Skipping API Gateway rules
[info] [2026-07-26T10:30:43.020Z] : 
[info] [2026-07-26T10:30:43.023Z] :  >>>>>>>>>>>>> Advanced I/O <<<<<<<<<<< 
[info] [2026-07-26T10:30:43.025Z] : i kpd_crime_intel_platform_function: http://localhost:3000/server/kpd_crime_intel_platform_function/
[info] [2026-07-26T10:30:43.027Z] : i dashboardstats                   : http://localhost:3000/server/dashboardstats/
[info] [2026-07-26T10:30:43.034Z] : i aicrimeassistant                 : http://localhost:3000/server/aicrimeassistant/
[info] [2026-07-26T10:30:43.052Z] : i hotspotmap                       : http://localhost:3000/server/hotspotmap/
[info] [2026-07-26T10:30:43.057Z] : i networkanalysis                  : http://localhost:3000/server/networkanalysis/
[info] [2026-07-26T10:30:43.058Z] : i caseexplorer                     : http://localhost:3000/server/caseexplorer/
[info] [2026-07-26T10:30:43.059Z] : i crimeanalytics                   : http://localhost:3000/server/crimeanalytics/
[info] [2026-07-26T10:30:43.060Z] : i reports                          : http://localhost:3000/server/reports/
[info] [2026-07-26T10:30:43.068Z] : i alerts                           : http://localhost:3000/server/alerts/
[info] [2026-07-26T10:30:43.071Z] : 
[info] [2026-07-26T10:31:25.139Z] : [1785061885131]  "GET"  "/server/reports/reports"
[info] [2026-07-26T10:33:01.847Z] : [1785061981840]  "GET"  "/server/reports/reports"
[info] [2026-07-26T10:34:16.269Z] : [1785062056269]  "GET"  "/server/reports/reports?type=summary"
[info] [2026-07-26T10:37:25.591Z] : 
change of index.js in reports detected. Preparing your function, please wait...
[debug] [2026-07-26T10:37:25.690Z] : Node binary for stack node24 is at C:\Program Files\nodejs\node.exe
[info] [2026-07-26T10:37:26.679Z] : i AdvancedIO[reports]: ready!
[info] [2026-07-26T10:37:26.681Z] : i AdvancedIO[reports]: http://localhost:3000/server/reports/
[info] [2026-07-26T10:37:44.867Z] : 
change of index.js in alerts detected. Preparing your function, please wait...
[debug] [2026-07-26T10:37:44.891Z] : Node binary for stack node24 is at C:\Program Files\nodejs\node.exe
[info] [2026-07-26T10:37:45.793Z] : i AdvancedIO[alerts]: ready!
[info] [2026-07-26T10:37:45.794Z] : i AdvancedIO[alerts]: http://localhost:3000/server/alerts/
[info] [2026-07-26T10:38:14.874Z] : 
change of index.js in alerts detected. Preparing your function, please wait...
[debug] [2026-07-26T10:38:14.898Z] : Node binary for stack node24 is at C:\Program Files\nodejs\node.exe
[info] [2026-07-26T10:38:15.734Z] : i AdvancedIO[alerts]: ready!
[info] [2026-07-26T10:38:15.734Z] : i AdvancedIO[alerts]: http://localhost:3000/server/alerts/
[info] [2026-07-26T10:38:20.361Z] : [1785062300361]  "GET"  "/server/reports/reports?type=summary"
[info] [2026-07-26T10:38:21.460Z] : [1785062301460]  "GET"  "/server/alerts/alerts"
[info] [2026-07-26T10:38:30.100Z] : [1785062310099]  "GET"  "/server/reports/reports?type=summary"
[info] [2026-07-26T10:39:27.641Z] : 
change of index.js in reports detected. Preparing your function, please wait...
[debug] [2026-07-26T10:39:27.667Z] : Node binary for stack node24 is at C:\Program Files\nodejs\node.exe
[info] [2026-07-26T10:39:28.565Z] : i AdvancedIO[reports]: ready!
[info] [2026-07-26T10:39:28.567Z] : i AdvancedIO[reports]: http://localhost:3000/server/reports/
[info] [2026-07-26T10:39:41.870Z] : 
change of index.js in alerts detected. Preparing your function, please wait...
[debug] [2026-07-26T10:39:41.905Z] : Node binary for stack node24 is at C:\Program Files\nodejs\node.exe
[info] [2026-07-26T10:39:42.639Z] : i AdvancedIO[alerts]: ready!
[info] [2026-07-26T10:39:42.639Z] : i AdvancedIO[alerts]: http://localhost:3000/server/alerts/
[info] [2026-07-26T10:40:00.226Z] : [1785062400226]  "GET"  "/server/reports/reports?type=summary"
[info] [2026-07-26T10:40:01.157Z] : [1785062401156]  "GET"  "/server/alerts/alerts"
[info] [2026-07-26T10:40:52.347Z] : [1785062452338]  "GET"  "/server/reports/reports?type=summary"
[info] [2026-07-26T10:41:03.456Z] : [1785062463455]  "GET"  "/server/alerts/alerts"
[info] [2026-07-26T10:41:30.076Z] : [1785062490074]  "GET"  "/server/crimeanalytics/crimeAnalytics"
[info] [2026-07-26T10:41:33.446Z] : [1785062493446]  "GET"  "/server/networkanalysis/networkAnalysis"
[info] [2026-07-26T10:41:36.281Z] : [1785062496280]  "GET"  "/server/caseexplorer/caseExplorer?"
[info] [2026-07-26T10:41:51.959Z] : [1785062511958]  "GET"  "/server/reports/reports?type=district"
[info] [2026-07-26T10:48:35.023Z] : 
change of index.js in hotspotmap detected. Preparing your function, please wait...
[debug] [2026-07-26T10:48:35.111Z] : Node binary for stack node24 is at C:\Program Files\nodejs\node.exe
[info] [2026-07-26T10:48:36.352Z] : i AdvancedIO[hotspotmap]: ready!
[info] [2026-07-26T10:48:36.353Z] : i AdvancedIO[hotspotmap]: http://localhost:3000/server/hotspotmap/
[info] [2026-07-26T10:48:40.366Z] : 
change of index.js in alerts detected. Preparing your function, please wait...
[debug] [2026-07-26T10:48:40.384Z] : Node binary for stack node24 is at C:\Program Files\nodejs\node.exe
[info] [2026-07-26T10:48:41.140Z] : i AdvancedIO[alerts]: ready!
[info] [2026-07-26T10:48:41.140Z] : i AdvancedIO[alerts]: http://localhost:3000/server/alerts/
[info] [2026-07-26T10:48:50.046Z] : [1785062930045]  "GET"  "/server/alerts/alerts"
[info] [2026-07-26T10:48:53.733Z] : [1785062933732]  "GET"  "/server/caseexplorer/caseExplorer?"
[info] [2026-07-26T10:49:03.682Z] : [1785062943681]  "GET"  "/server/hotspotmap/hotspotMap"
[info] [2026-07-26T10:49:05.255Z] : [1785062945254]  "GET"  "/server/crimeanalytics/crimeAnalytics"
[info] [2026-07-26T10:49:07.080Z] : [1785062947080]  "GET"  "/server/dashboardStats/dashboardStats"
[info] [2026-07-26T10:49:08.268Z] : [1785062948268]  "GET"  "/server/networkanalysis/networkAnalysis"
[info] [2026-07-26T10:49:12.222Z] : [1785062952221]  "GET"  "/server/reports/reports?type=summary"
[info] [2026-07-26T10:49:13.716Z] : [1785062953715]  "GET"  "/server/alerts/alerts"
[info] [2026-07-26T10:55:33.770Z] : [1785063333761]  "GET"  "/server/caseexplorer/caseExplorer?"
[info] [2026-07-26T10:55:35.285Z] : [1785063335284]  "GET"  "/server/hotspotmap/hotspotMap"
[info] [2026-07-26T10:55:36.871Z] : [1785063336869]  "GET"  "/server/networkanalysis/networkAnalysis"
[info] [2026-07-26T10:55:38.466Z] : [1785063338466]  "GET"  "/server/crimeanalytics/crimeAnalytics"
[info] [2026-07-26T10:55:40.114Z] : [1785063340114]  "GET"  "/server/dashboardStats/dashboardStats"
[info] [2026-07-26T10:55:42.722Z] : [1785063342721]  "GET"  "/server/reports/reports?type=summary"
[info] [2026-07-26T10:55:46.703Z] : [1785063346702]  "GET"  "/server/alerts/alerts"
[info] [2026-07-26T10:55:50.847Z] : [1785063350846]  "GET"  "/server/caseexplorer/caseExplorer?"
[info] [2026-07-26T10:55:57.005Z] : [1785063357004]  "GET"  "/server/caseexplorer/caseExplorer/detail?crimeNo=10197202410197"
[info] [2026-07-26T10:56:00.443Z] : [1785063360441]  "GET"  "/server/caseexplorer/caseExplorer/detail?crimeNo=10016202410016"
[info] [2026-07-26T10:56:02.116Z] : [1785063362115]  "GET"  "/server/caseexplorer/caseExplorer/detail?crimeNo=10019202410019"
[info] [2026-07-26T10:56:03.337Z] : [1785063363336]  "GET"  "/server/caseexplorer/caseExplorer/detail?crimeNo=10006202410006"
[info] [2026-07-26T10:56:13.555Z] : [1785063373554]  "GET"  "/server/caseexplorer/caseExplorer?district=Bengaluru+City"
[info] [2026-07-26T10:56:19.940Z] : [1785063379937]  "GET"  "/server/caseexplorer/caseExplorer?district=Bengaluru+City&crimeType=Theft"
[info] [2026-07-26T10:56:25.153Z] : [1785063385152]  "GET"  "/server/caseexplorer/caseExplorer?district=Bengaluru+City&crimeType=Theft&status=Under+Investigation"
[info] [2026-07-26T10:56:28.138Z] : [1785063388138]  "GET"  "/server/caseexplorer/caseExplorer/detail?crimeNo=10024202410024"
[info] [2026-07-26T10:56:35.379Z] : [1785063395379]  "GET"  "/server/caseexplorer/caseExplorer?district=Bengaluru+Rural&crimeType=Theft&status=Under+Investigation"
[info] [2026-07-26T10:56:41.046Z] : [1785063401045]  "GET"  "/server/caseexplorer/caseExplorer?district=Mysuru&crimeType=Theft&status=Under+Investigation"
[info] [2026-07-26T10:56:43.659Z] : [1785063403656]  "GET"  "/server/networkanalysis/networkAnalysis"
[info] [2026-07-26T10:57:02.293Z] : [1785063422292]  "GET"  "/server/hotspotmap/hotspotMap"
[info] [2026-07-26T10:57:16.737Z] : [1785063436734]  "GET"  "/server/crimeanalytics/crimeAnalytics"
[info] [2026-07-26T10:57:36.428Z] : [1785063456428]  "GET"  "/server/dashboardStats/dashboardStats"
[info] [2026-07-26T11:06:14.556Z] : [1785063974538]  "GET"  "/server/dashboardStats/dashboardStats"
[info] [2026-07-26T11:06:16.884Z] : [1785063976883]  "GET"  "/server/dashboardStats/dashboardStats"
[info] [2026-07-26T11:06:20.153Z] : [1785063980153]  "GET"  "/server/reports/reports?type=summary"
[info] [2026-07-26T11:10:07.446Z] : [1785064207423]  "GET"  "/server/dashboardStats/dashboardStats"
[info] [2026-07-26T11:10:12.232Z] : [1785064212231]  "GET"  "/server/reports/reports?type=summary"
[info] [2026-07-26T11:10:18.839Z] : [1785064218838]  "GET"  "/server/dashboardStats/dashboardStats"
[info] [2026-07-26T11:10:19.612Z] : [1785064219612]  "GET"  "/server/dashboardStats/dashboardStats"
[info] [2026-07-26T11:10:21.231Z] : [1785064221230]  "GET"  "/server/crimeanalytics/crimeAnalytics"
[info] [2026-07-26T11:10:22.240Z] : [1785064222239]  "GET"  "/server/hotspotmap/hotspotMap"
[info] [2026-07-26T11:10:23.720Z] : [1785064223719]  "GET"  "/server/networkanalysis/networkAnalysis"
[info] [2026-07-26T11:10:25.099Z] : [1785064225098]  "GET"  "/server/caseexplorer/caseExplorer?"
[info] [2026-07-26T11:10:36.703Z] : [1785064236702]  "GET"  "/server/reports/reports?type=summary"
[info] [2026-07-26T11:10:39.566Z] : [1785064239566]  "GET"  "/server/alerts/alerts"
[info] [2026-07-26T11:12:34.280Z] : [1785064354278]  "GET"  "/server/alerts/alerts"
[info] [2026-07-26T11:12:36.234Z] : [1785064356234]  "GET"  "/server/alerts/alerts"
[info] [2026-07-26T11:12:37.355Z] : [1785064357354]  "GET"  "/server/alerts/alerts"
[info] [2026-07-26T11:14:41.556Z] : [1785064481544]  "GET"  "/server/dashboardStats/dashboardStats"
[info] [2026-07-26T11:14:44.238Z] : [1785064484237]  "GET"  "/server/alerts/alerts"
[info] [2026-07-26T11:17:52.861Z] : [1785064672851]  "GET"  "/server/dashboardStats/dashboardStats"
[info] [2026-07-26T11:17:54.877Z] : [1785064674876]  "GET"  "/server/dashboardStats/dashboardStats"
[info] [2026-07-26T11:17:57.185Z] : [1785064677182]  "GET"  "/server/crimeanalytics/crimeAnalytics"
[info] [2026-07-26T11:18:06.731Z] : [1785064686730]  "GET"  "/server/hotspotmap/hotspotMap"
[info] [2026-07-26T11:19:47.667Z] : [1785064787666]  "GET"  "/server/crimeanalytics/crimeAnalytics"
[info] [2026-07-26T11:19:49.475Z] : [1785064789475]  "GET"  "/server/dashboardStats/dashboardStats"
[info] [2026-07-26T11:20:32.047Z] : [1785064832047]  "GET"  "/server/crimeanalytics/crimeAnalytics"
[info] [2026-07-26T11:20:47.794Z] : [1785064847794]  "GET"  "/server/hotspotmap/hotspotMap"
